******************************************************************************
                  TI ARM Linker PC v20.2.7                     
******************************************************************************
>> Linked Tue Oct 22 14:23:47 2024

OUTPUT FILE NAME:   <UART_IO.out>
ENTRY POINT SYMBOL: "_c_int00_noargs"  address: 00002735


MEMORY CONFIGURATION

         name            origin    length      used     unused   attr    fill
----------------------  --------  ---------  --------  --------  ----  --------
  FLASH                 00000000   00040000  000029d0  0003d630  R  X
  SRAM                  20000000   00008000  00000818  000077e8  RW X


SEGMENT ALLOCATION MAP

run origin  load origin   length   init length attrs members
----------  ----------- ---------- ----------- ----- -------
00000000    00000000    000029d4   000029d4    r-x
  00000000    00000000    0000026c   0000026c    r-- .intvecs
  0000026c    0000026c    00002610   00002610    r-x .text
  0000287c    0000287c    00000128   00000128    r-- .const
  000029a8    000029a8    0000002c   0000002c    r-- .cinit
20000000    20000000    00000818   00000000    rw-
  20000000    20000000    00000800   00000000    rw- .stack
  20000800    20000800    00000018   00000000    rw- .data


SECTION ALLOCATION MAP

 output                                  attributes/
section   page    origin      length       input sections
--------  ----  ----------  ----------   ----------------
.intvecs   0    00000000    0000026c     
                  00000000    0000026c     tm4c123gh6pm_startup_ccs.obj (.intvecs)

.text      0    0000026c    00002610     
                  0000026c    00000a4e     rtsv7M4_T_le_v4SPD16_eabi.lib : _printfi.c.obj (.text:__TI_printfi)
                  00000cba    00000002                                   : div0.asm.obj (.text)
                  00000cbc    00000354     parsing.obj (.text)
                  00001010    00000338     main.obj (.text)
                  00001348    00000270     rtsv7M4_T_le_v4SPD16_eabi.lib : _printfi.c.obj (.text:_pconv_a)
                  000015b8    000001d0                                   : _printfi.c.obj (.text:_pconv_g)
                  00001788    000001b6                                   : fd_add_t2.asm.obj (.text)
                  0000193e    00000002     --HOLE-- [fill = 0]
                  00001940    00000158     uart0.obj (.text)
                  00001a98    0000013c     rtsv7M4_T_le_v4SPD16_eabi.lib : _printfi.c.obj (.text:_pconv_e)
                  00001bd4    00000136                                   : fd_div_t2.asm.obj (.text)
                  00001d0a    00000002     --HOLE-- [fill = 0]
                  00001d0c    00000124                                   : _printfi.c.obj (.text:fcvt)
                  00001e30    00000110                                   : s_scalbn.c.obj (.text:scalbn)
                  00001f40    000000fc                                   : fd_mul_t2.asm.obj (.text)
                  0000203c    000000b1                                   : _printfi.c.obj (.text:_ltostr)
                  000020ed    00000001     --HOLE-- [fill = 0]
                  000020ee    0000009c                                   : memcpy_t2.asm.obj (.text)
                  0000218a    00000096                                   : ull_div_t2.asm.obj (.text)
                  00002220    00000086                                   : fd_cmp_t2.asm.obj (.text:__aeabi_cdcmple)
                  000022a6    00000086                                   : fd_cmp_t2.asm.obj (.text:__aeabi_cdrcmple)
                  0000232c    0000007a                                   : memset_t2.asm.obj (.text)
                  000023a6    0000006e                                   : _printfi.c.obj (.text:_mcpy)
                  00002414    00000068                                   : copy_decompress_lzss.c.obj (.text:decompress:lzss:__TI_decompress_lzss)
                  0000247c    00000064                                   : s_frexp.c.obj (.text:frexp)
                  000024e0    00000056                                   : _printfi.c.obj (.text:_pconv_f)
                  00002536    00000054                                   : _ltoa.c.obj (.text:__TI_ltoa)
                  0000258a    00000052                                   : _printfi.c.obj (.text:_ecpy)
                  000025dc    0000004c                                   : atoi.c.obj (.text:atoi)
                  00002628    00000048                                   : fd_toi_t2.asm.obj (.text)
                  00002670    00000044                                   : autoinit.c.obj (.text:__TI_auto_init_nobinit_nopinit:__TI_auto_init_nobinit_nopinit)
                  000026b4    00000040                                   : sprintf.c.obj (.text:sprintf)
                  000026f4    0000003e                                   : _printfi.c.obj (.text:_fcpy)
                  00002732    00000002     --HOLE-- [fill = 0]
                  00002734    00000034                                   : boot_cortex_m.c.obj (.text:_c_int00_noargs:_c_int00_noargs)
                  00002768    0000002e                                   : i_tofd_t2.asm.obj (.text)
                  00002796    0000001c                                   : memccpy.c.obj (.text:memccpy)
                  000027b2    0000001a                                   : s_copysign.c.obj (.text:copysign)
                  000027cc    00000018                                   : sprintf.c.obj (.text:_outs)
                  000027e4    00000018                                   : strcmp.c.obj (.text:strcmp)
                  000027fc    00000016                                   : strchr.c.obj (.text:strchr)
                  00002812    00000014                                   : strlen.c.obj (.text:strlen)
                  00002826    00000012                                   : wcslen.c.obj (.text:wcslen)
                  00002838    00000010     clock.obj (.text)
                  00002848    0000000e     rtsv7M4_T_le_v4SPD16_eabi.lib : copy_decompress_none.c.obj (.text:decompress:none:__TI_decompress_none)
                  00002856    0000000c     tm4c123gh6pm_startup_ccs.obj (.text)
                  00002862    0000000a     rtsv7M4_T_le_v4SPD16_eabi.lib : sprintf.c.obj (.text:_outc)
                  0000286c    00000008                                   : errno.c.obj (.text:__aeabi_errno_addr)
                  00002874    00000004                                   : pre_init.c.obj (.text:_system_pre_init)
                  00002878    00000004                                   : exit.c.obj (.text:abort:abort)

.const     0    0000287c    00000128     
                  0000287c    00000101     rtsv7M4_T_le_v4SPD16_eabi.lib : ctype.c.obj (.const:.string:_ctypes_)
                  0000297d    00000003     --HOLE-- [fill = 0]
                  00002980    00000024     main.obj (.const:.string)

.cinit     0    000029a8    0000002c     
                  000029a8    0000001a     (.cinit..data.load) [load image, compression = lzss]
                  000029c2    00000002     --HOLE-- [fill = 0]
                  000029c4    00000008     (__TI_handler_table)
                  000029cc    00000008     (__TI_cinit_table)

.init_array 
*          0    00000000    00000000     UNINITIALIZED

.data      0    20000800    00000018     UNINITIALIZED
                  20000800    00000010     main.obj (.data:commands)
                  20000810    00000004     main.obj (.data:min_fields)
                  20000814    00000004     rtsv7M4_T_le_v4SPD16_eabi.lib : errno.c.obj (.data)

.stack     0    20000000    00000800     UNINITIALIZED
                  20000000    00000004     rtsv7M4_T_le_v4SPD16_eabi.lib : boot_cortex_m.c.obj (.stack)
                  20000004    000007fc     --HOLE--

__llvm_prf_cnts 
*          0    20000000    00000000     UNINITIALIZED

MODULE SUMMARY

       Module                         code   ro data   rw data
       ------                         ----   -------   -------
    .\
       main.obj                       824    36        20     
       parsing.obj                    852    0         0      
       tm4c123gh6pm_startup_ccs.obj   12     620       0      
       uart0.obj                      344    0         0      
       clock.obj                      16     0         0      
    +--+------------------------------+------+---------+---------+
       Total:                         2048   656       20     
                                                              
    C:\ti\ccs1110\ccs\tools\compiler\ti-cgt-arm_20.2.7.LTS\lib\rtsv7M4_T_le_v4SPD16_eabi.lib
       _printfi.c.obj                 4851   0         0      
       fd_add_t2.asm.obj              438    0         0      
       fd_div_t2.asm.obj              310    0         0      
       s_scalbn.c.obj                 272    0         0      
       fd_cmp_t2.asm.obj              268    0         0      
       ctype.c.obj                    0      257       0      
       fd_mul_t2.asm.obj              252    0         0      
       memcpy_t2.asm.obj              156    0         0      
       ull_div_t2.asm.obj             150    0         0      
       memset_t2.asm.obj              122    0         0      
       copy_decompress_lzss.c.obj     104    0         0      
       s_frexp.c.obj                  100    0         0      
       sprintf.c.obj                  98     0         0      
       _ltoa.c.obj                    84     0         0      
       atoi.c.obj                     76     0         0      
       fd_toi_t2.asm.obj              72     0         0      
       autoinit.c.obj                 68     0         0      
       boot_cortex_m.c.obj            52     0         0      
       i_tofd_t2.asm.obj              46     0         0      
       memccpy.c.obj                  28     0         0      
       s_copysign.c.obj               26     0         0      
       strcmp.c.obj                   24     0         0      
       strchr.c.obj                   22     0         0      
       strlen.c.obj                   20     0         0      
       wcslen.c.obj                   18     0         0      
       copy_decompress_none.c.obj     14     0         0      
       errno.c.obj                    8      0         4      
       exit.c.obj                     4      0         0      
       pre_init.c.obj                 4      0         0      
       div0.asm.obj                   2      0         0      
    +--+------------------------------+------+---------+---------+
       Total:                         7689   257       4      
                                                              
       Stack:                         0      0         2048   
       Linker Generated:              0      42        0      
    +--+------------------------------+------+---------+---------+
       Grand Total:                   9737   955       2072   


LINKER GENERATED COPY TABLES

__TI_cinit_table @ 000029cc records: 1, size/record: 8, table size: 8
	.data: load addr=000029a8, load size=0000001a bytes, run addr=20000800, run size=00000018 bytes, compression=lzss


LINKER GENERATED HANDLER TABLE

__TI_handler_table @ 000029c4 records: 2, size/record: 4, table size: 8
	index: 0, handler: __TI_decompress_lzss
	index: 1, handler: __TI_decompress_none


GLOBAL SYMBOLS: SORTED ALPHABETICALLY BY Name 

address   name                          
-------   ----                          
00002879  C$$EXIT                       
00002857  ResetISR                      
20000800  __STACK_END                   
00000800  __STACK_SIZE                  
20000200  __STACK_TOP                   
000029cc  __TI_CINIT_Base               
000029d4  __TI_CINIT_Limit              
000029c4  __TI_Handler_Table_Base       
000029cc  __TI_Handler_Table_Limit      
00002671  __TI_auto_init_nobinit_nopinit
00002415  __TI_decompress_lzss          
00002849  __TI_decompress_none          
00002537  __TI_ltoa                     
ffffffff  __TI_pprof_out_hndl           
0000026d  __TI_printfi                  
ffffffff  __TI_prof_data_size           
ffffffff  __TI_prof_data_start          
00000000  __TI_static_base__            
00002221  __aeabi_cdcmpeq               
00002221  __aeabi_cdcmple               
000022a7  __aeabi_cdrcmple              
00002629  __aeabi_d2iz                  
00001793  __aeabi_dadd                  
00001bd5  __aeabi_ddiv                  
00001f41  __aeabi_dmul                  
00001789  __aeabi_dsub                  
0000286d  __aeabi_errno_addr            
00002769  __aeabi_i2d                   
00000cbb  __aeabi_idiv0                 
00000cbb  __aeabi_ldiv0                 
0000232d  __aeabi_memclr                
0000232d  __aeabi_memclr4               
0000232d  __aeabi_memclr8               
000020ef  __aeabi_memcpy                
000020ef  __aeabi_memcpy4               
000020ef  __aeabi_memcpy8               
0000232f  __aeabi_memset                
0000232f  __aeabi_memset4               
0000232f  __aeabi_memset8               
0000218b  __aeabi_uldivmod              
ffffffff  __binit__                     
ffffffff  __c_args__                    
UNDEFED   __mpu_init                    
20000000  __stack                       
20000000  __start___llvm_prf_cnts       
20000000  __stop___llvm_prf_cnts        
00002735  _c_int00_noargs               
0000287c  _ctypes_                      
UNDEFED   _system_post_cinit            
00002875  _system_pre_init              
00002879  abort                         
00001061  about                         
000010d1  accumulate                    
000025dd  atoi                          
ffffffff  binit                         
00000f73  clearBuffer                   
20000800  commands                      
000027b3  copysign                      
000027b3  copysignl                     
0000106b  count                         
00000d3d  delimitersToNULL              
00001047  echo                          
20000814  errno                         
0000247d  frexp                         
0000247d  frexpl                        
00000000  g_pfnVectors                  
00000ec5  getFieldInteger               
00000e9b  getFieldString                
00001a35  getcUart0                     
00000d6d  getsUart0                     
00000f0f  identifyCommand               
00001011  initHw                        
00002839  initSystemClockTo40Mhz        
00001941  initUart0                     
00000edd  isCommand                     
00000cbd  isDelimiter                   
00000d07  isNumber                      
00001a49  kbhitUart0                    
00001e31  ldexp                         
00001e31  ldexpl                        
00001169  main                          
00002797  memccpy                       
000020ef  memcpy                        
00002335  memset                        
20000810  min_fields                    
00000de3  parseFields                   
000019f5  putcUart0                     
00001a11  putsUart0                     
00001e31  scalbn                        
00001e31  scalbnl                       
000019b5  setUart0BaudRate              
000026b5  sprintf                       
000027fd  strchr                        
000027e5  strcmp                        
00002813  strlen                        
00002827  wcslen                        


GLOBAL SYMBOLS: SORTED BY Symbol Address 

address   name                          
-------   ----                          
00000000  __TI_static_base__            
00000000  g_pfnVectors                  
0000026d  __TI_printfi                  
00000800  __STACK_SIZE                  
00000cbb  __aeabi_idiv0                 
00000cbb  __aeabi_ldiv0                 
00000cbd  isDelimiter                   
00000d07  isNumber                      
00000d3d  delimitersToNULL              
00000d6d  getsUart0                     
00000de3  parseFields                   
00000e9b  getFieldString                
00000ec5  getFieldInteger               
00000edd  isCommand                     
00000f0f  identifyCommand               
00000f73  clearBuffer                   
00001011  initHw                        
00001047  echo                          
00001061  about                         
0000106b  count                         
000010d1  accumulate                    
00001169  main                          
00001789  __aeabi_dsub                  
00001793  __aeabi_dadd                  
00001941  initUart0                     
000019b5  setUart0BaudRate              
000019f5  putcUart0                     
00001a11  putsUart0                     
00001a35  getcUart0                     
00001a49  kbhitUart0                    
00001bd5  __aeabi_ddiv                  
00001e31  ldexp                         
00001e31  ldexpl                        
00001e31  scalbn                        
00001e31  scalbnl                       
00001f41  __aeabi_dmul                  
000020ef  __aeabi_memcpy                
000020ef  __aeabi_memcpy4               
000020ef  __aeabi_memcpy8               
000020ef  memcpy                        
0000218b  __aeabi_uldivmod              
00002221  __aeabi_cdcmpeq               
00002221  __aeabi_cdcmple               
000022a7  __aeabi_cdrcmple              
0000232d  __aeabi_memclr                
0000232d  __aeabi_memclr4               
0000232d  __aeabi_memclr8               
0000232f  __aeabi_memset                
0000232f  __aeabi_memset4               
0000232f  __aeabi_memset8               
00002335  memset                        
00002415  __TI_decompress_lzss          
0000247d  frexp                         
0000247d  frexpl                        
00002537  __TI_ltoa                     
000025dd  atoi                          
00002629  __aeabi_d2iz                  
00002671  __TI_auto_init_nobinit_nopinit
000026b5  sprintf                       
00002735  _c_int00_noargs               
00002769  __aeabi_i2d                   
00002797  memccpy                       
000027b3  copysign                      
000027b3  copysignl                     
000027e5  strcmp                        
000027fd  strchr                        
00002813  strlen                        
00002827  wcslen                        
00002839  initSystemClockTo40Mhz        
00002849  __TI_decompress_none          
00002857  ResetISR                      
0000286d  __aeabi_errno_addr            
00002875  _system_pre_init              
00002879  C$$EXIT                       
00002879  abort                         
0000287c  _ctypes_                      
000029c4  __TI_Handler_Table_Base       
000029cc  __TI_CINIT_Base               
000029cc  __TI_Handler_Table_Limit      
000029d4  __TI_CINIT_Limit              
20000000  __stack                       
20000000  __start___llvm_prf_cnts       
20000000  __stop___llvm_prf_cnts        
20000200  __STACK_TOP                   
20000800  __STACK_END                   
20000800  commands                      
20000810  min_fields                    
20000814  errno                         
ffffffff  __TI_pprof_out_hndl           
ffffffff  __TI_prof_data_size           
ffffffff  __TI_prof_data_start          
ffffffff  __binit__                     
ffffffff  __c_args__                    
ffffffff  binit                         
UNDEFED   __mpu_init                    
UNDEFED   _system_post_cinit            

[96 symbols]
